// Jest Snapshot v1, https://goo.gl/fbAQLP

exports[`cardPartnerCSS renders with correct styles 1`] = `
.emotion-0 {
  display: -webkit-box;
  display: -webkit-flex;
  display: -ms-flexbox;
  display: flex;
  width: 100%;
  height: 35vh;
  min-height: 300px;
  margin-bottom: 8rem;
  background: #111;
  border-radius: 45px;
  position: relative;
  -webkit-box-pack: center;
  -webkit-justify-content: center;
  -ms-flex-pack: center;
  justify-content: center;
  -webkit-align-items: center;
  -webkit-box-align: center;
  -ms-flex-align: center;
  align-items: center;
  -webkit-flex-direction: column;
  -ms-flex-direction: column;
  flex-direction: column;
  padding-top: 3rem;
}

<div
  className="emotion-0"
/>
`;
