// Jest Snapshot v1, https://goo.gl/fbAQLP

exports[`container renders with correct styles 1`] = `
.emotion-0 {
  display: -webkit-box;
  display: -webkit-flex;
  display: -ms-flexbox;
  display: flex;
  width: calc(100% - 80px);
  height: 95vh;
  margin-left: 80px;
  padding: 3rem;
  position: relative;
  -webkit-flex-wrap: wrap;
  -ms-flex-wrap: wrap;
  flex-wrap: wrap;
  -webkit-box-pack: center;
  -webkit-justify-content: center;
  -ms-flex-pack: center;
  justify-content: center;
  -webkit-align-items: flex-start;
  -webkit-box-align: flex-start;
  -ms-flex-align: flex-start;
  align-items: flex-start;
}

<div
  className="emotion-0"
/>
`;
