// Jest Snapshot v1, https://goo.gl/fbAQLP

exports[`Logo renders with correct styles 1`] = `
.emotion-0 {
  height: 35%;
  width: 35%;
  margin-bottom: 1rem;
}

<img
  className="emotion-0"
/>
`;
