// Jest Snapshot v1, https://goo.gl/fbAQLP

exports[`test render without crashing 1`] = `
<Styled(div)>
  <Styled(h2) />
  <Styled(h3) />
</Styled(div)>
`;
