// Jest Snapshot v1, https://goo.gl/fbAQLP

exports[`cardPartnerCSS renders with correct styles 1`] = `
.emotion-2 {
  font-weight: bold;
  text-transform: uppercase;
}

.emotion-0 {
  font-size: 1.4em;
  padding: 1rem;
}

.emotion-1 {
  font-size: 1rem;
}

<span
  className="emotion-2"
>
  <h3
    className="emotion-0"
  />
  <p
    className="emotion-1"
  />
</span>
`;
