// Jest Snapshot v1, https://goo.gl/fbAQLP

exports[`TextHeader render without crashing 1`] = `ShallowWrapper {}`;
