// Jest Snapshot v1, https://goo.gl/fbAQLP

exports[`container renders with correct styles 1`] = `
.emotion-0 {
  display: -webkit-box;
  display: -webkit-flex;
  display: -ms-flexbox;
  display: flex;
  width: calc(100% - 80px);
  min-height: 95vh;
  margin-left: 80px;
  padding: 3rem;
  position: relative;
  -webkit-flex-wrap: wrap;
  -ms-flex-wrap: wrap;
  flex-wrap: wrap;
  -webkit-box-pack: center;
  -webkit-justify-content: center;
  -ms-flex-pack: center;
  justify-content: center;
  -webkit-align-items: flex-start;
  -webkit-box-align: flex-start;
  -ms-flex-align: flex-start;
  align-items: flex-start;
  margin-top: 5em;
}

@media screen and (max-width:999px) {
  .emotion-0 {
    margin-top: 15%;
  }
}

@media screen and (max-width:549px) {
  .emotion-0 {
    margin-top: 2em;
    width: 100%;
    margin-left: 0;
    margin-top: 100px;
  }
}

<div
  className="emotion-0"
/>
`;
