// Jest Snapshot v1, https://goo.gl/fbAQLP

exports[`Delayed renders with correct styles 1`] = `ShallowWrapper {}`;
