// Jest Snapshot v1, https://goo.gl/fbAQLP

exports[`fixedButtonCSS renders with correct styles 1`] = `
.emotion-0 {
  display: -webkit-box;
  display: -webkit-flex;
  display: -ms-flexbox;
  display: flex;
  -webkit-box-pack: center;
  -webkit-justify-content: center;
  -ms-flex-pack: center;
  justify-content: center;
  -webkit-align-items: center;
  -webkit-box-align: center;
  -ms-flex-align: center;
  align-items: center;
  position: fixed;
  top: calc(50% - 20px);
  left: calc(100% - 40px);
  background: #DFE4EA;
  width: 40px;
  height: 40px;
  border-top-left-radius: 40px;
  border-bottom-left-radius: 40px;
  z-index: 10;
}

<div
  className="emotion-0"
/>
`;
