// Jest Snapshot v1, https://goo.gl/fbAQLP

exports[`Logo should renders with correct styles 1`] = `
.emotion-0 {
  width: 10px;
  margin-bottom: 3px;
  margin: #fff;
}

<img
  className="emotion-0"
  height="10px"
  width="10px"
/>
`;
